AppleBench · suite pending · 36 task(s) × 1 configuration(s) × 1 run(s)

→ g2-a11y-001 · opencode
19:38:20 agent started
19:38:20 $ opencode run --format json --pure --auto --model minimax/MiniMax-M3 Accessibility feedback:

"I have text set to the largest size. In Mail …
19:38:52 ok · opencode run --format json --pure --auto --model minimax/MiniMax-M3 Accessibility feedback:

"I have text set…
19:38:52 agent finished · completed
19:38:53 edited Sources/InboxView.swift
19:39:20 grading: uiflow
19:39:20 $ /usr/bin/xcodebuild -project BadgeCountFixture.xcodeproj -scheme BadgeCountFixture -destination platform=iOS Simulator,id=8CFCFDE8-636B-454…
19:39:33 ok · /usr/bin/xcodebuild -project BadgeCountFixture.xcodeproj -scheme BadgeCountFixture -destination platform=iOS …
19:39:39 $ flowdeck ui simulator screen -S 8CFCFDE8-636B-454F-A2F9-1F47A800D24E --json
19:39:45 ok · flowdeck ui simulator screen -S 8CFCFDE8-636B-454F-A2F9-1F47A800D24E --json
19:39:45 FAIL uiflow
19:39:45 grading: uiflow
19:39:45 $ /usr/bin/xcodebuild -project BadgeCountFixture.xcodeproj -scheme BadgeCountFixture -destination platform=iOS Simulator,id=8CFCFDE8-636B-454…
19:39:47 ok · /usr/bin/xcodebuild -project BadgeCountFixture.xcodeproj -scheme BadgeCountFixture -destination platform=iOS …
19:39:47 $ flowdeck simulator content-size set accessibility-extra-extra-extra-large -S 8CFCFDE8-636B-454F-A2F9-1F47A800D24E
19:39:47 ok · flowdeck simulator content-size set accessibility-extra-extra-extra-large -S 8CFCFDE8-636B-454F-A2F9-1F47A800…
19:39:50 $ flowdeck ui simulator screen -S 8CFCFDE8-636B-454F-A2F9-1F47A800D24E --json
19:39:51 ok · flowdeck ui simulator screen -S 8CFCFDE8-636B-454F-A2F9-1F47A800D24E --json
19:39:51 $ flowdeck simulator content-size reset -S 8CFCFDE8-636B-454F-A2F9-1F47A800D24E
19:39:51 ok · flowdeck simulator content-size reset -S 8CFCFDE8-636B-454F-A2F9-1F47A800D24E
19:39:51 PASS uiflow
19:39:51 grading: file
19:39:51 PASS file
19:39:54 !! reaped a stray simulator
  FAIL · 1m 31s
→ g2-a11y-002 · opencode
19:39:56 agent started
19:39:56 $ opencode run --format json --pure --auto --model minimax/MiniMax-M3 From an accessibility review:

"With text at the largest size I can rea…
19:41:00 ok · opencode run --format json --pure --auto --model minimax/MiniMax-M3 From an accessibility review:

"With text…
19:41:01 agent finished · completed
19:41:01 edited Sources/SettingsView.swift
19:41:36 grading: uiflow
19:41:36 $ /usr/bin/xcodebuild -project LabelColumnFixture.xcodeproj -scheme LabelColumnFixture -destination platform=iOS Simulator,id=7CDF79CA-367F-4…
19:41:59 ok · /usr/bin/xcodebuild -project LabelColumnFixture.xcodeproj -scheme LabelColumnFixture -destination platform=iO…
19:42:06 $ flowdeck ui simulator screen -S 7CDF79CA-367F-404C-B9D2-625935CCB95F --json
19:42:12 ok · flowdeck ui simulator screen -S 7CDF79CA-367F-404C-B9D2-625935CCB95F --json
19:42:13 FAIL uiflow
19:42:13 grading: uiflow
19:42:13 $ /usr/bin/xcodebuild -project LabelColumnFixture.xcodeproj -scheme LabelColumnFixture -destination platform=iOS Simulator,id=7CDF79CA-367F-4…
19:42:15 ok · /usr/bin/xcodebuild -project LabelColumnFixture.xcodeproj -scheme LabelColumnFixture -destination platform=iO…
19:42:15 $ flowdeck simulator content-size set accessibility-extra-extra-extra-large -S 7CDF79CA-367F-404C-B9D2-625935CCB95F
19:42:15 ok · flowdeck simulator content-size set accessibility-extra-extra-extra-large -S 7CDF79CA-367F-404C-B9D2-625935CC…
19:42:18 $ flowdeck ui simulator screen -S 7CDF79CA-367F-404C-B9D2-625935CCB95F --json
19:42:19 ok · flowdeck ui simulator screen -S 7CDF79CA-367F-404C-B9D2-625935CCB95F --json
19:42:19 $ flowdeck simulator content-size reset -S 7CDF79CA-367F-404C-B9D2-625935CCB95F
19:42:20 ok · flowdeck simulator content-size reset -S 7CDF79CA-367F-404C-B9D2-625935CCB95F
19:42:20 FAIL uiflow
19:42:20 grading: file
19:42:20 PASS file
19:42:23 !! reaped a stray simulator
  FAIL · 2m 24s
→ g2-flow-002 · opencode
19:42:25 agent started
19:42:25 $ opencode run --format json --pure --auto --model minimax/MiniMax-M3 A customer sent a screenshot:

"My document has three lines. I press Ex…
19:42:45 ok · opencode run --format json --pure --auto --model minimax/MiniMax-M3 A customer sent a screenshot:

"My docume…
19:42:45 agent finished · completed
19:42:45 edited Sources/DocumentView.swift
19:43:15 grading: uiflow
19:43:15 $ /usr/bin/xcodebuild -project ExportToolbarFixture.xcodeproj -scheme ExportToolbarFixture -destination platform=iOS Simulator,id=D8B157E9-09…
19:44:15 ok · /usr/bin/xcodebuild -project ExportToolbarFixture.xcodeproj -scheme ExportToolbarFixture -destination platfor…
19:44:23 $ flowdeck ui simulator batch --steps [{"target":"export-button","action":"tap","by_id":true}] -S D8B157E9-0929-4E85-B08F-DEF744036452 --json
19:44:32 exit 1 · flowdeck ui simulator batch --steps [{"target":"export-button","action":"tap","by_id":true}] -S D8B157E9-0929…
19:44:32 FAIL uiflow
19:44:32 grading: file
19:44:32 PASS file
19:44:36 !! reaped a stray simulator
  FAIL · 2m 8s
→ g2-flow-003 · opencode
19:44:38 agent started
19:44:38 $ opencode run --format json --pure --auto --model minimax/MiniMax-M3 "My history goes back years but the app only ever shows the first 25. T…
19:46:25 ok · opencode run --format json --pure --auto --model minimax/MiniMax-M3 "My history goes back years but the app o…
19:46:25 agent finished · completed
19:46:26 edited Sources/HistoryView.swift
19:46:48 grading: uiflow
19:46:48 $ /usr/bin/xcodebuild -project LongListFixture.xcodeproj -scheme LongListFixture -destination platform=iOS Simulator,id=06C23D6E-558D-4119-8D…
19:47:00 ok · /usr/bin/xcodebuild -project LongListFixture.xcodeproj -scheme LongListFixture -destination platform=iOS Simu…
19:47:05 $ flowdeck ui simulator screen -S 06C23D6E-558D-4119-8DDD-F8ACB92D5A0F --json
19:47:09 ok · flowdeck ui simulator screen -S 06C23D6E-558D-4119-8DDD-F8ACB92D5A0F --json
19:47:09 PASS uiflow
19:47:09 grading: uiflow
19:47:09 $ /usr/bin/xcodebuild -project LongListFixture.xcodeproj -scheme LongListFixture -destination platform=iOS Simulator,id=06C23D6E-558D-4119-8D…
19:47:12 ok · /usr/bin/xcodebuild -project LongListFixture.xcodeproj -scheme LongListFixture -destination platform=iOS Simu…
19:47:15 $ flowdeck ui simulator batch --steps [{"action":"tap","target":"load-more","by_id":true},{"action":"assert","text":"Entry 40"}] -S 06C23D6E-…
19:47:25 ok · flowdeck ui simulator batch --steps [{"action":"tap","target":"load-more","by_id":true},{"action":"assert","t…
19:47:25 PASS uiflow
19:47:25 grading: uiflow
19:47:25 $ /usr/bin/xcodebuild -project LongListFixture.xcodeproj -scheme LongListFixture -destination platform=iOS Simulator,id=06C23D6E-558D-4119-8D…
19:47:26 ok · /usr/bin/xcodebuild -project LongListFixture.xcodeproj -scheme LongListFixture -destination platform=iOS Simu…
19:47:29 $ flowdeck ui simulator screen -S 06C23D6E-558D-4119-8DDD-F8ACB92D5A0F --json
19:47:30 ok · flowdeck ui simulator screen -S 06C23D6E-558D-4119-8DDD-F8ACB92D5A0F --json
19:47:30 PASS uiflow
19:47:33 !! reaped a stray simulator
  PASS · 2m 53s
→ g2-lifecycle-002 · opencode
19:47:34 agent started
19:47:34 $ opencode run --format json --pure --auto --model minimax/MiniMax-M3 Only ever reported from older devices:

"I write a note, switch to the …
19:49:55 ok · opencode run --format json --pure --auto --model minimax/MiniMax-M3 Only ever reported from older devices:

"…
19:49:55 agent finished · completed
19:49:55 edited Sources/NoteCache.swift
19:49:55 edited Sources/NoteEditorView.swift
19:50:17 grading: uiflow
19:50:17 $ /usr/bin/xcodebuild -project MemoryCacheFixture.xcodeproj -scheme MemoryCacheFixture -destination platform=iOS Simulator,id=8FDD1F9C-7229-4…
19:50:28 ok · /usr/bin/xcodebuild -project MemoryCacheFixture.xcodeproj -scheme MemoryCacheFixture -destination platform=iO…
19:50:33 $ flowdeck ui simulator batch --steps [{"target":"note-field","action":"tap","by_id":true},{"text":"Call the dentist","action":"type"},{"by_i…
19:50:39 ok · flowdeck ui simulator batch --steps [{"target":"note-field","action":"tap","by_id":true},{"text":"Call the de…
19:50:39 PASS uiflow
19:50:39 grading: uiflow
19:50:39 $ /usr/bin/xcodebuild -project MemoryCacheFixture.xcodeproj -scheme MemoryCacheFixture -destination platform=iOS Simulator,id=8FDD1F9C-7229-4…
19:50:41 ok · /usr/bin/xcodebuild -project MemoryCacheFixture.xcodeproj -scheme MemoryCacheFixture -destination platform=iO…
19:50:46 $ flowdeck ui simulator batch --steps [{"action":"tap","by_id":true,"target":"note-field"},{"action":"type","text":"Book the ferry"}] -S 8FDD…
19:50:47 ok · flowdeck ui simulator batch --steps [{"action":"tap","by_id":true,"target":"note-field"},{"action":"type","te…
19:50:47 $ flowdeck simulator button home -S 8FDD1F9C-7229-4360-94EF-DBBD39243421
19:50:47 ok · flowdeck simulator button home -S 8FDD1F9C-7229-4360-94EF-DBBD39243421
19:50:47 $ flowdeck simulator memory-warning -S 8FDD1F9C-7229-4360-94EF-DBBD39243421
19:50:48 ok · flowdeck simulator memory-warning -S 8FDD1F9C-7229-4360-94EF-DBBD39243421
19:50:57 $ flowdeck ui simulator screen -S 8FDD1F9C-7229-4360-94EF-DBBD39243421 --json
19:50:58 ok · flowdeck ui simulator screen -S 8FDD1F9C-7229-4360-94EF-DBBD39243421 --json
19:50:58 FAIL uiflow
19:51:01 !! reaped a stray simulator
  FAIL · 3m 24s
→ g2-locale-001 · opencode
19:51:02 agent started
19:51:02 $ opencode run --format json --pure --auto --model minimax/MiniMax-M3 From the Stockholm office:

"Åberg and Öhlin are in the wrong part of t…
19:51:35 ok · opencode run --format json --pure --auto --model minimax/MiniMax-M3 From the Stockholm office:

"Åberg and Öh…
19:51:35 agent finished · completed
19:51:35 edited Sources/PersonSorting.swift
19:51:57 grading: uiflow
19:51:57 $ /usr/bin/xcodebuild -project CollationFixture.xcodeproj -scheme CollationFixture -destination platform=iOS Simulator,id=BC21A568-2989-4908-…
19:52:08 ok · /usr/bin/xcodebuild -project CollationFixture.xcodeproj -scheme CollationFixture -destination platform=iOS Si…
19:52:08 $ flowdeck simulator language set en --locale en_US -S BC21A568-2989-4908-8415-2F2166B05236
19:52:12 ok · flowdeck simulator language set en --locale en_US -S BC21A568-2989-4908-8415-2F2166B05236
19:52:12 $ xcrun simctl bootstatus BC21A568-2989-4908-8415-2F2166B05236 -b
19:52:16 ok · xcrun simctl bootstatus BC21A568-2989-4908-8415-2F2166B05236 -b
19:52:25 $ flowdeck ui simulator screen -S BC21A568-2989-4908-8415-2F2166B05236 --json
19:52:30 ok · flowdeck ui simulator screen -S BC21A568-2989-4908-8415-2F2166B05236 --json
19:52:36 $ flowdeck ui simulator screen -S BC21A568-2989-4908-8415-2F2166B05236 --json
19:52:36 ok · flowdeck ui simulator screen -S BC21A568-2989-4908-8415-2F2166B05236 --json
19:52:36 $ flowdeck ui simulator screen -S BC21A568-2989-4908-8415-2F2166B05236 --json
19:52:37 ok · flowdeck ui simulator screen -S BC21A568-2989-4908-8415-2F2166B05236 --json
19:52:37 $ flowdeck simulator language reset -S BC21A568-2989-4908-8415-2F2166B05236
19:52:41 ok · flowdeck simulator language reset -S BC21A568-2989-4908-8415-2F2166B05236
19:52:41 $ xcrun simctl bootstatus BC21A568-2989-4908-8415-2F2166B05236 -b
19:52:47 ok · xcrun simctl bootstatus BC21A568-2989-4908-8415-2F2166B05236 -b
19:52:47 FAIL uiflow
19:52:47 grading: uiflow
19:52:47 $ /usr/bin/xcodebuild -project CollationFixture.xcodeproj -scheme CollationFixture -destination platform=iOS Simulator,id=BC21A568-2989-4908-…
19:52:49 ok · /usr/bin/xcodebuild -project CollationFixture.xcodeproj -scheme CollationFixture -destination platform=iOS Si…
19:52:49 $ flowdeck simulator language set sv --locale sv_SE -S BC21A568-2989-4908-8415-2F2166B05236
19:52:53 ok · flowdeck simulator language set sv --locale sv_SE -S BC21A568-2989-4908-8415-2F2166B05236
19:52:53 $ xcrun simctl bootstatus BC21A568-2989-4908-8415-2F2166B05236 -b
19:53:03 ok · xcrun simctl bootstatus BC21A568-2989-4908-8415-2F2166B05236 -b
19:53:08 $ flowdeck ui simulator screen -S BC21A568-2989-4908-8415-2F2166B05236 --json
19:53:10 ok · flowdeck ui simulator screen -S BC21A568-2989-4908-8415-2F2166B05236 --json
19:53:10 $ flowdeck ui simulator screen -S BC21A568-2989-4908-8415-2F2166B05236 --json
19:53:11 ok · flowdeck ui simulator screen -S BC21A568-2989-4908-8415-2F2166B05236 --json
19:53:11 $ flowdeck simulator language reset -S BC21A568-2989-4908-8415-2F2166B05236
19:53:15 ok · flowdeck simulator language reset -S BC21A568-2989-4908-8415-2F2166B05236
19:53:15 $ xcrun simctl bootstatus BC21A568-2989-4908-8415-2F2166B05236 -b
19:53:20 ok · xcrun simctl bootstatus BC21A568-2989-4908-8415-2F2166B05236 -b
19:53:20 PASS uiflow
19:53:24 !! reaped a stray simulator
  FAIL · 2m 18s
→ g2-locale-002 · opencode
19:53:25 agent started
19:53:25 $ opencode run --format json --pure --auto --model minimax/MiniMax-M3 Escalation from the İstanbul team.

"Orders opens and says 'No orders'.…
19:53:52 ok · opencode run --format json --pure --auto --model minimax/MiniMax-M3 Escalation from the İstanbul team.

"Orde…
19:53:52 agent finished · completed
19:53:52 edited Sources/OrderListView.swift
19:54:13 grading: uiflow
19:54:13 $ /usr/bin/xcodebuild -project StatusFilterFixture.xcodeproj -scheme StatusFilterFixture -destination platform=iOS Simulator,id=AE163727-9183…
19:54:25 ok · /usr/bin/xcodebuild -project StatusFilterFixture.xcodeproj -scheme StatusFilterFixture -destination platform=…
19:54:25 $ flowdeck simulator language set en --locale en_US -S AE163727-9183-4FFE-B81F-B2AF293B6A4D
19:54:29 ok · flowdeck simulator language set en --locale en_US -S AE163727-9183-4FFE-B81F-B2AF293B6A4D
19:54:29 $ xcrun simctl bootstatus AE163727-9183-4FFE-B81F-B2AF293B6A4D -b
19:54:38 ok · xcrun simctl bootstatus AE163727-9183-4FFE-B81F-B2AF293B6A4D -b
19:54:44 $ flowdeck ui simulator screen -S AE163727-9183-4FFE-B81F-B2AF293B6A4D --json
19:54:48 ok · flowdeck ui simulator screen -S AE163727-9183-4FFE-B81F-B2AF293B6A4D --json
19:54:48 $ flowdeck ui simulator screen -S AE163727-9183-4FFE-B81F-B2AF293B6A4D --json
19:54:48 ok · flowdeck ui simulator screen -S AE163727-9183-4FFE-B81F-B2AF293B6A4D --json
19:54:48 $ flowdeck simulator language reset -S AE163727-9183-4FFE-B81F-B2AF293B6A4D
19:54:52 ok · flowdeck simulator language reset -S AE163727-9183-4FFE-B81F-B2AF293B6A4D
19:54:52 $ xcrun simctl bootstatus AE163727-9183-4FFE-B81F-B2AF293B6A4D -b
19:54:57 ok · xcrun simctl bootstatus AE163727-9183-4FFE-B81F-B2AF293B6A4D -b
19:54:58 PASS uiflow
19:54:58 grading: uiflow
19:54:58 $ /usr/bin/xcodebuild -project StatusFilterFixture.xcodeproj -scheme StatusFilterFixture -destination platform=iOS Simulator,id=AE163727-9183…
19:55:00 ok · /usr/bin/xcodebuild -project StatusFilterFixture.xcodeproj -scheme StatusFilterFixture -destination platform=…
19:55:00 $ flowdeck simulator language set tr --locale tr_TR -S AE163727-9183-4FFE-B81F-B2AF293B6A4D
19:55:04 ok · flowdeck simulator language set tr --locale tr_TR -S AE163727-9183-4FFE-B81F-B2AF293B6A4D
19:55:04 $ xcrun simctl bootstatus AE163727-9183-4FFE-B81F-B2AF293B6A4D -b
19:55:15 ok · xcrun simctl bootstatus AE163727-9183-4FFE-B81F-B2AF293B6A4D -b
19:55:21 $ flowdeck ui simulator screen -S AE163727-9183-4FFE-B81F-B2AF293B6A4D --json
19:55:24 ok · flowdeck ui simulator screen -S AE163727-9183-4FFE-B81F-B2AF293B6A4D --json
19:55:24 $ flowdeck ui simulator screen -S AE163727-9183-4FFE-B81F-B2AF293B6A4D --json
19:55:25 ok · flowdeck ui simulator screen -S AE163727-9183-4FFE-B81F-B2AF293B6A4D --json
19:55:25 $ flowdeck simulator language reset -S AE163727-9183-4FFE-B81F-B2AF293B6A4D
19:55:29 ok · flowdeck simulator language reset -S AE163727-9183-4FFE-B81F-B2AF293B6A4D
19:55:29 $ xcrun simctl bootstatus AE163727-9183-4FFE-B81F-B2AF293B6A4D -b
19:55:33 ok · xcrun simctl bootstatus AE163727-9183-4FFE-B81F-B2AF293B6A4D -b
19:55:34 PASS uiflow
19:55:34 grading: file
19:55:34 PASS file
19:55:38 !! reaped a stray simulator
  PASS · 2m 9s
→ g2-locale-003 · opencode
19:55:38 agent started
19:55:38 $ opencode run --format json --pure --auto --model minimax/MiniMax-M3 From the Malmö pilot:

"The receipt writes 12.40 where it should be 12,…
19:56:37 ok · opencode run --format json --pure --auto --model minimax/MiniMax-M3 From the Malmö pilot:

"The receipt write…
19:56:38 agent finished · completed
19:56:38 edited Sources/Receipt.swift
19:57:00 grading: uiflow
19:57:00 $ /usr/bin/xcodebuild -project ReceiptTotalFixture.xcodeproj -scheme ReceiptTotalFixture -destination platform=iOS Simulator,id=FEC3B179-04A1…
19:57:12 ok · /usr/bin/xcodebuild -project ReceiptTotalFixture.xcodeproj -scheme ReceiptTotalFixture -destination platform=…
19:57:12 $ flowdeck simulator language set en --locale en_US -S FEC3B179-04A1-4435-BE65-1ADC7F0C4F0C
19:57:16 ok · flowdeck simulator language set en --locale en_US -S FEC3B179-04A1-4435-BE65-1ADC7F0C4F0C
19:57:16 $ xcrun simctl bootstatus FEC3B179-04A1-4435-BE65-1ADC7F0C4F0C -b
19:57:20 ok · xcrun simctl bootstatus FEC3B179-04A1-4435-BE65-1ADC7F0C4F0C -b
19:57:29 $ flowdeck ui simulator screen -S FEC3B179-04A1-4435-BE65-1ADC7F0C4F0C --json
19:57:33 ok · flowdeck ui simulator screen -S FEC3B179-04A1-4435-BE65-1ADC7F0C4F0C --json
19:57:33 $ flowdeck ui simulator screen -S FEC3B179-04A1-4435-BE65-1ADC7F0C4F0C --json
19:58:18 ok · flowdeck ui simulator screen -S FEC3B179-04A1-4435-BE65-1ADC7F0C4F0C --json
19:58:18 $ flowdeck simulator language reset -S FEC3B179-04A1-4435-BE65-1ADC7F0C4F0C
19:58:19 ok · flowdeck simulator language reset -S FEC3B179-04A1-4435-BE65-1ADC7F0C4F0C
19:58:19 $ xcrun simctl bootstatus FEC3B179-04A1-4435-BE65-1ADC7F0C4F0C -b
19:58:25 ok · xcrun simctl bootstatus FEC3B179-04A1-4435-BE65-1ADC7F0C4F0C -b
19:58:25 PASS uiflow
19:58:25 grading: uiflow
19:58:25 $ /usr/bin/xcodebuild -project ReceiptTotalFixture.xcodeproj -scheme ReceiptTotalFixture -destination platform=iOS Simulator,id=FEC3B179-04A1…
19:58:27 ok · /usr/bin/xcodebuild -project ReceiptTotalFixture.xcodeproj -scheme ReceiptTotalFixture -destination platform=…
19:58:27 $ flowdeck simulator language set sv --locale sv_SE -S FEC3B179-04A1-4435-BE65-1ADC7F0C4F0C
19:58:31 ok · flowdeck simulator language set sv --locale sv_SE -S FEC3B179-04A1-4435-BE65-1ADC7F0C4F0C
19:58:31 $ xcrun simctl bootstatus FEC3B179-04A1-4435-BE65-1ADC7F0C4F0C -b
19:58:36 ok · xcrun simctl bootstatus FEC3B179-04A1-4435-BE65-1ADC7F0C4F0C -b
19:58:44 $ flowdeck ui simulator screen -S FEC3B179-04A1-4435-BE65-1ADC7F0C4F0C --json
19:58:45 ok · flowdeck ui simulator screen -S FEC3B179-04A1-4435-BE65-1ADC7F0C4F0C --json
19:58:45 $ flowdeck ui simulator screen -S FEC3B179-04A1-4435-BE65-1ADC7F0C4F0C --json
19:58:46 ok · flowdeck ui simulator screen -S FEC3B179-04A1-4435-BE65-1ADC7F0C4F0C --json
19:58:46 $ flowdeck simulator language reset -S FEC3B179-04A1-4435-BE65-1ADC7F0C4F0C
19:58:50 ok · flowdeck simulator language reset -S FEC3B179-04A1-4435-BE65-1ADC7F0C4F0C
19:58:50 $ xcrun simctl bootstatus FEC3B179-04A1-4435-BE65-1ADC7F0C4F0C -b
19:59:00 ok · xcrun simctl bootstatus FEC3B179-04A1-4435-BE65-1ADC7F0C4F0C -b
19:59:00 PASS uiflow
19:59:00 grading: file
19:59:00 PASS file
19:59:04 !! reaped a stray simulator
  PASS · 3m 22s
→ g2-locale-004 · opencode
19:59:05 agent started
19:59:05 $ opencode run --format json --pure --auto --model minimax/MiniMax-M3 Two missed deliveries in Hamburg this month, both the same story.

"My …
20:00:21 ok · opencode run --format json --pure --auto --model minimax/MiniMax-M3 Two missed deliveries in Hamburg this mon…
20:00:21 agent finished · completed
20:00:21 edited Sources/DeliverySlot.swift
20:00:45 grading: uiflow
20:00:45 $ /usr/bin/xcodebuild -project DeliveryDateFixture.xcodeproj -scheme DeliveryDateFixture -destination platform=iOS Simulator,id=2CF3694B-F8B6…
20:00:55 ok · /usr/bin/xcodebuild -project DeliveryDateFixture.xcodeproj -scheme DeliveryDateFixture -destination platform=…
20:00:55 $ flowdeck simulator language set en --locale en_US -S 2CF3694B-F8B6-4B6F-BD3D-EC4495471B4E
20:00:59 ok · flowdeck simulator language set en --locale en_US -S 2CF3694B-F8B6-4B6F-BD3D-EC4495471B4E
20:00:59 $ xcrun simctl bootstatus 2CF3694B-F8B6-4B6F-BD3D-EC4495471B4E -b
20:01:03 ok · xcrun simctl bootstatus 2CF3694B-F8B6-4B6F-BD3D-EC4495471B4E -b
20:01:11 $ flowdeck ui simulator screen -S 2CF3694B-F8B6-4B6F-BD3D-EC4495471B4E --json
20:01:16 ok · flowdeck ui simulator screen -S 2CF3694B-F8B6-4B6F-BD3D-EC4495471B4E --json
20:01:21 $ flowdeck ui simulator screen -S 2CF3694B-F8B6-4B6F-BD3D-EC4495471B4E --json
20:01:22 ok · flowdeck ui simulator screen -S 2CF3694B-F8B6-4B6F-BD3D-EC4495471B4E --json
20:01:22 $ flowdeck ui simulator screen -S 2CF3694B-F8B6-4B6F-BD3D-EC4495471B4E --json
20:01:23 ok · flowdeck ui simulator screen -S 2CF3694B-F8B6-4B6F-BD3D-EC4495471B4E --json
20:01:23 $ flowdeck simulator language reset -S 2CF3694B-F8B6-4B6F-BD3D-EC4495471B4E
20:01:27 ok · flowdeck simulator language reset -S 2CF3694B-F8B6-4B6F-BD3D-EC4495471B4E
20:01:27 $ xcrun simctl bootstatus 2CF3694B-F8B6-4B6F-BD3D-EC4495471B4E -b
20:01:32 ok · xcrun simctl bootstatus 2CF3694B-F8B6-4B6F-BD3D-EC4495471B4E -b
20:01:33 FAIL uiflow
20:01:33 grading: uiflow
20:01:33 $ /usr/bin/xcodebuild -project DeliveryDateFixture.xcodeproj -scheme DeliveryDateFixture -destination platform=iOS Simulator,id=2CF3694B-F8B6…
20:01:35 ok · /usr/bin/xcodebuild -project DeliveryDateFixture.xcodeproj -scheme DeliveryDateFixture -destination platform=…
20:01:35 $ flowdeck simulator language set de --locale de_DE -S 2CF3694B-F8B6-4B6F-BD3D-EC4495471B4E
20:01:39 ok · flowdeck simulator language set de --locale de_DE -S 2CF3694B-F8B6-4B6F-BD3D-EC4495471B4E
20:01:39 $ xcrun simctl bootstatus 2CF3694B-F8B6-4B6F-BD3D-EC4495471B4E -b
20:01:49 ok · xcrun simctl bootstatus 2CF3694B-F8B6-4B6F-BD3D-EC4495471B4E -b
20:02:04 $ flowdeck ui simulator screen -S 2CF3694B-F8B6-4B6F-BD3D-EC4495471B4E --json
20:02:08 ok · flowdeck ui simulator screen -S 2CF3694B-F8B6-4B6F-BD3D-EC4495471B4E --json
20:02:08 $ flowdeck ui simulator screen -S 2CF3694B-F8B6-4B6F-BD3D-EC4495471B4E --json
20:02:09 ok · flowdeck ui simulator screen -S 2CF3694B-F8B6-4B6F-BD3D-EC4495471B4E --json
20:02:09 $ flowdeck simulator language reset -S 2CF3694B-F8B6-4B6F-BD3D-EC4495471B4E
20:02:17 ok · flowdeck simulator language reset -S 2CF3694B-F8B6-4B6F-BD3D-EC4495471B4E
20:02:17 $ xcrun simctl bootstatus 2CF3694B-F8B6-4B6F-BD3D-EC4495471B4E -b
20:02:27 ok · xcrun simctl bootstatus 2CF3694B-F8B6-4B6F-BD3D-EC4495471B4E -b
20:02:29 FAIL uiflow
20:02:29 grading: file
20:02:29 PASS file
20:02:44 !! reaped a stray simulator
  FAIL · 3m 24s
→ g2-order-001 · opencode
20:02:45 agent started
20:02:45 $ opencode run --format json --pure --auto --model minimax/MiniMax-M3 From a listener:

"Move up works once and then goes haywire. I moved Cl…
20:03:09 ok · opencode run --format json --pure --auto --model minimax/MiniMax-M3 From a listener:

"Move up works once and…
20:03:09 agent finished · completed
20:03:09 edited Sources/Playlist.swift
20:03:31 grading: uiflow
20:03:31 $ /usr/bin/xcodebuild -project PlaylistOrderFixture.xcodeproj -scheme PlaylistOrderFixture -destination platform=iOS Simulator,id=F1FF6EDD-8F…
20:03:42 ok · /usr/bin/xcodebuild -project PlaylistOrderFixture.xcodeproj -scheme PlaylistOrderFixture -destination platfor…
20:03:47 $ flowdeck ui simulator batch --steps [{"target":"cloudline-up","by_id":true,"action":"tap"}] -S F1FF6EDD-8F86-4F50-AE4C-122447D332AC --json
20:03:51 ok · flowdeck ui simulator batch --steps [{"target":"cloudline-up","by_id":true,"action":"tap"}] -S F1FF6EDD-8F86-…
20:03:52 FAIL uiflow
20:03:52 grading: uiflow
20:03:52 $ /usr/bin/xcodebuild -project PlaylistOrderFixture.xcodeproj -scheme PlaylistOrderFixture -destination platform=iOS Simulator,id=F1FF6EDD-8F…
20:03:53 ok · /usr/bin/xcodebuild -project PlaylistOrderFixture.xcodeproj -scheme PlaylistOrderFixture -destination platfor…
20:03:57 $ flowdeck ui simulator batch --steps [{"target":"cloudline-up","by_id":true,"action":"tap"},{"target":"blackwater-up","by_id":true,"action":…
20:03:59 ok · flowdeck ui simulator batch --steps [{"target":"cloudline-up","by_id":true,"action":"tap"},{"target":"blackwa…
20:03:59 PASS uiflow
20:03:59 grading: uiflow
20:03:59 $ /usr/bin/xcodebuild -project PlaylistOrderFixture.xcodeproj -scheme PlaylistOrderFixture -destination platform=iOS Simulator,id=F1FF6EDD-8F…
20:04:01 ok · /usr/bin/xcodebuild -project PlaylistOrderFixture.xcodeproj -scheme PlaylistOrderFixture -destination platfor…
20:04:04 $ flowdeck ui simulator batch --steps [{"target":"driftwood-up","action":"tap","by_id":true},{"target":"driftwood-up","action":"tap","by_id":…
20:04:06 ok · flowdeck ui simulator batch --steps [{"target":"driftwood-up","action":"tap","by_id":true},{"target":"driftwo…
20:04:06 FAIL uiflow
20:04:06 grading: file
20:04:06 PASS file
20:04:10 !! reaped a stray simulator
  FAIL · 1m 22s
→ g2-order-002 · opencode
20:04:11 agent started
20:04:11 $ opencode run --format json --pure --auto --model minimax/MiniMax-M3 From an accountant:

"I swiped Row 3 away and it stayed. Then I turned …
20:06:33 ok · opencode run --format json --pure --auto --model minimax/MiniMax-M3 From an accountant:

"I swiped Row 3 away…
20:06:33 agent finished · completed
20:06:33 edited Sources/LedgerView.swift
20:06:55 grading: uiflow
20:06:55 $ /usr/bin/xcodebuild -project RowDeleteFixture.xcodeproj -scheme RowDeleteFixture -destination platform=iOS Simulator,id=02A0BB32-E5FB-4C01-…
20:07:07 ok · /usr/bin/xcodebuild -project RowDeleteFixture.xcodeproj -scheme RowDeleteFixture -destination platform=iOS Si…
20:07:12 $ flowdeck ui simulator batch --steps [{"by_id":true,"action":"tap","target":"show-settled"}] -S 02A0BB32-E5FB-4C01-BA50-4C6437E4A01D --json
20:07:16 ok · flowdeck ui simulator batch --steps [{"by_id":true,"action":"tap","target":"show-settled"}] -S 02A0BB32-E5FB-…
20:07:16 PASS uiflow
20:07:16 grading: uiflow
20:07:16 $ /usr/bin/xcodebuild -project RowDeleteFixture.xcodeproj -scheme RowDeleteFixture -destination platform=iOS Simulator,id=02A0BB32-E5FB-4C01-…
20:07:18 ok · /usr/bin/xcodebuild -project RowDeleteFixture.xcodeproj -scheme RowDeleteFixture -destination platform=iOS Si…
20:07:21 $ flowdeck ui simulator batch --steps [{"action":"tap","target":"show-settled","by_id":true}] -S 02A0BB32-E5FB-4C01-BA50-4C6437E4A01D --json
20:07:22 ok · flowdeck ui simulator batch --steps [{"action":"tap","target":"show-settled","by_id":true}] -S 02A0BB32-E5FB-…
20:07:22 $ flowdeck ui simulator swipe --from 380,309 --to 8,309 --duration 0.5 -S 02A0BB32-E5FB-4C01-BA50-4C6437E4A01D
20:07:23 ok · flowdeck ui simulator swipe --from 380,309 --to 8,309 --duration 0.5 -S 02A0BB32-E5FB-4C01-BA50-4C6437E4A01D
20:07:26 $ flowdeck ui simulator screen -S 02A0BB32-E5FB-4C01-BA50-4C6437E4A01D --json
20:07:26 ok · flowdeck ui simulator screen -S 02A0BB32-E5FB-4C01-BA50-4C6437E4A01D --json
20:07:27 FAIL uiflow
20:07:30 !! reaped a stray simulator
  FAIL · 3m 16s
→ interaction-001 · opencode
20:07:31 agent started
20:07:31 $ opencode run --format json --pure --auto --model minimax/MiniMax-M3 Adding a product bumps the cart badge, but opening the cart shows it as…
20:09:43 ok · opencode run --format json --pure --auto --model minimax/MiniMax-M3 Adding a product bumps the cart badge, bu…
20:09:44 agent finished · completed
20:09:44 edited Sources/CartFixtureApp.swift
20:09:44 edited Sources/CartView.swift
20:09:44 edited Sources/CatalogView.swift
20:10:06 grading: build
20:10:06 $ /usr/bin/xcodebuild -project CartFixture.xcodeproj -scheme CartFixture -destination platform=iOS Simulator,id=D3C03842-62C8-4EBE-8BFA-EB099…
20:10:18 ok · /usr/bin/xcodebuild -project CartFixture.xcodeproj -scheme CartFixture -destination platform=iOS Simulator,id…
20:10:18 PASS build
20:10:18 grading: xcuitest
20:10:18 $ /usr/bin/xcodebuild -project CartFixture.xcodeproj -scheme CartFixture -destination platform=iOS Simulator,id=D3C03842-62C8-4EBE-8BFA-EB099…
20:10:41 ok · /usr/bin/xcodebuild -project CartFixture.xcodeproj -scheme CartFixture -destination platform=iOS Simulator,id…
20:10:41 $ /usr/bin/xcrun xcresulttool get test-results summary --path /Users/afterxleep/Developer/applebench-harness/.applebench/runs/2026-09-03T1807…
20:10:41 ok · /usr/bin/xcrun xcresulttool get test-results summary --path /Users/afterxleep/Developer/applebench-harness/.a…
20:10:41 PASS xcuitest
20:10:41 grading: mutation
20:10:41 $ /usr/bin/xcodebuild -project CartFixture.xcodeproj -scheme CartFixture -destination platform=iOS Simulator,id=D3C03842-62C8-4EBE-8BFA-EB099…
20:11:26 exit 65 · /usr/bin/xcodebuild -project CartFixture.xcodeproj -scheme CartFixture -destination platform=iOS Simulator,id…
20:11:26 PASS mutation
20:11:27 !! reaped a stray simulator
  PASS · 3m 55s
→ interaction-002 · opencode
20:11:28 agent started
20:11:28 $ opencode run --format json --pure --auto --model minimax/MiniMax-M3 Searching the parts list shows results for what was typed a moment ago
…
20:11:45 ok · opencode run --format json --pure --auto --model minimax/MiniMax-M3 Searching the parts list shows results fo…
20:11:45 agent finished · completed
20:11:45 edited Sources/PartsSearchView.swift
20:12:11 grading: build
20:12:11 $ /usr/bin/xcodebuild -project SearchFixture.xcodeproj -scheme SearchFixture -destination platform=iOS Simulator,id=DADCE9A5-3C41-4BF3-8F3A-F…
20:12:23 ok · /usr/bin/xcodebuild -project SearchFixture.xcodeproj -scheme SearchFixture -destination platform=iOS Simulato…
20:12:23 PASS build
20:12:23 grading: xcuitest
20:12:23 $ /usr/bin/xcodebuild -project SearchFixture.xcodeproj -scheme SearchFixture -destination platform=iOS Simulator,id=DADCE9A5-3C41-4BF3-8F3A-F…
20:12:54 ok · /usr/bin/xcodebuild -project SearchFixture.xcodeproj -scheme SearchFixture -destination platform=iOS Simulato…
20:12:54 $ /usr/bin/xcrun xcresulttool get test-results summary --path /Users/afterxleep/Developer/applebench-harness/.applebench/runs/2026-09-03T1811…
20:12:54 ok · /usr/bin/xcrun xcresulttool get test-results summary --path /Users/afterxleep/Developer/applebench-harness/.a…
20:12:54 PASS xcuitest
20:12:54 grading: mutation
20:12:54 $ /usr/bin/xcodebuild -project SearchFixture.xcodeproj -scheme SearchFixture -destination platform=iOS Simulator,id=DADCE9A5-3C41-4BF3-8F3A-F…
20:14:02 exit 65 · /usr/bin/xcodebuild -project SearchFixture.xcodeproj -scheme SearchFixture -destination platform=iOS Simulato…
20:14:02 PASS mutation
20:14:03 !! reaped a stray simulator
  PASS · 2m 34s
→ interaction-003 · opencode
20:14:04 agent started
20:14:04 $ opencode run --format json --pure --auto --model minimax/MiniMax-M3 Pulling down on the report screen starts a refresh that never ends: the…
20:14:15 ok · opencode run --format json --pure --auto --model minimax/MiniMax-M3 Pulling down on the report screen starts …
20:14:15 agent finished · completed
20:14:15 edited Sources/ReportModel.swift
20:14:40 grading: build
20:14:40 $ /usr/bin/xcodebuild -project RefreshFixture.xcodeproj -scheme RefreshFixture -destination platform=iOS Simulator,id=E9DFD468-2272-457B-9004…
20:14:54 ok · /usr/bin/xcodebuild -project RefreshFixture.xcodeproj -scheme RefreshFixture -destination platform=iOS Simula…
20:14:54 PASS build
20:14:54 grading: xcuitest
20:14:54 $ /usr/bin/xcodebuild -project RefreshFixture.xcodeproj -scheme RefreshFixture -destination platform=iOS Simulator,id=E9DFD468-2272-457B-9004…
20:15:18 ok · /usr/bin/xcodebuild -project RefreshFixture.xcodeproj -scheme RefreshFixture -destination platform=iOS Simula…
20:15:18 $ /usr/bin/xcrun xcresulttool get test-results summary --path /Users/afterxleep/Developer/applebench-harness/.applebench/runs/2026-09-03T1814…
20:15:18 ok · /usr/bin/xcrun xcresulttool get test-results summary --path /Users/afterxleep/Developer/applebench-harness/.a…
20:15:18 PASS xcuitest
20:15:18 grading: mutation
20:15:18 $ /usr/bin/xcodebuild -project RefreshFixture.xcodeproj -scheme RefreshFixture -destination platform=iOS Simulator,id=E9DFD468-2272-457B-9004…
20:15:51 exit 65 · /usr/bin/xcodebuild -project RefreshFixture.xcodeproj -scheme RefreshFixture -destination platform=iOS Simula…
20:15:51 PASS mutation
20:15:52 !! reaped a stray simulator
  PASS · 1m 47s
→ interaction-004 · opencode
20:15:54 agent started
20:15:54 $ opencode run --format json --pure --auto --model minimax/MiniMax-M3 In the enrolment flow, going back to an earlier step shows an empty fie…
20:17:23 ok · opencode run --format json --pure --auto --model minimax/MiniMax-M3 In the enrolment flow, going back to an e…
20:17:24 agent finished · completed
20:17:24 edited Sources/EnrolmentFlowView.swift
20:17:49 grading: build
20:17:49 $ /usr/bin/xcodebuild -project FormFlowFixture.xcodeproj -scheme FormFlowFixture -destination platform=iOS Simulator,id=06BF2D52-5ED7-4CC4-B5…
20:18:01 ok · /usr/bin/xcodebuild -project FormFlowFixture.xcodeproj -scheme FormFlowFixture -destination platform=iOS Simu…
20:18:01 PASS build
20:18:01 grading: xcuitest
20:18:01 $ /usr/bin/xcodebuild -project FormFlowFixture.xcodeproj -scheme FormFlowFixture -destination platform=iOS Simulator,id=06BF2D52-5ED7-4CC4-B5…
20:18:34 ok · /usr/bin/xcodebuild -project FormFlowFixture.xcodeproj -scheme FormFlowFixture -destination platform=iOS Simu…
20:18:34 $ /usr/bin/xcrun xcresulttool get test-results summary --path /Users/afterxleep/Developer/applebench-harness/.applebench/runs/2026-09-03T1815…
20:18:34 ok · /usr/bin/xcrun xcresulttool get test-results summary --path /Users/afterxleep/Developer/applebench-harness/.a…
20:18:34 PASS xcuitest
20:18:34 grading: mutation
20:18:34 $ /usr/bin/xcodebuild -project FormFlowFixture.xcodeproj -scheme FormFlowFixture -destination platform=iOS Simulator,id=06BF2D52-5ED7-4CC4-B5…
20:19:35 exit 65 · /usr/bin/xcodebuild -project FormFlowFixture.xcodeproj -scheme FormFlowFixture -destination platform=iOS Simu…
20:19:35 PASS mutation
20:19:37 !! reaped a stray simulator
  PASS · 3m 43s
→ project-004 · opencode
20:19:38 agent started
20:19:38 $ opencode run --format json --pure --auto --model minimax/MiniMax-M3 CI has been green for weeks, and someone noticed the tariff tests have …
20:20:16 ok · opencode run --format json --pure --auto --model minimax/MiniMax-M3 CI has been green for weeks, and someone …
20:20:17 agent finished · completed
20:20:17 edited SchemeFixture.xcodeproj/xcshareddata/xcschemes/SchemeFixture.xcscheme
20:20:48 grading: build
20:20:48 $ /usr/bin/xcodebuild -project SchemeFixture.xcodeproj -scheme SchemeFixture -destination platform=iOS Simulator,id=4B9383FE-DA24-4704-8852-0…
20:21:01 ok · /usr/bin/xcodebuild -project SchemeFixture.xcodeproj -scheme SchemeFixture -destination platform=iOS Simulato…
20:21:01 PASS build
20:21:01 grading: xctest
20:21:01 $ /usr/bin/xcodebuild -project SchemeFixture.xcodeproj -scheme SchemeFixture -destination platform=iOS Simulator,id=4B9383FE-DA24-4704-8852-0…
20:21:08 ok · /usr/bin/xcodebuild -project SchemeFixture.xcodeproj -scheme SchemeFixture -destination platform=iOS Simulato…
20:21:08 $ /usr/bin/xcrun xcresulttool get test-results summary --path /Users/afterxleep/Developer/applebench-harness/.applebench/runs/2026-09-03T1819…
20:21:09 ok · /usr/bin/xcrun xcresulttool get test-results summary --path /Users/afterxleep/Developer/applebench-harness/.a…
20:21:09 PASS xctest
20:21:09 grading: mutation
20:21:09 $ /usr/bin/xcodebuild -project SchemeFixture.xcodeproj -scheme SchemeFixture -destination platform=iOS Simulator,id=4B9383FE-DA24-4704-8852-0…
20:21:31 exit 65 · /usr/bin/xcodebuild -project SchemeFixture.xcodeproj -scheme SchemeFixture -destination platform=iOS Simulato…
20:21:31 PASS mutation
20:21:35 !! reaped a stray simulator
  PASS · 1m 53s
→ project-005 · opencode
20:21:36 agent started
20:21:36 $ opencode run --format json --pure --auto --model minimax/MiniMax-M3 The app does not build: "No such module 'Metrics'". The package is part…
20:23:09 ok · opencode run --format json --pure --auto --model minimax/MiniMax-M3 The app does not build: "No such module '…
20:23:09 agent finished · completed
20:23:10 edited PackageIntegrationFixture.xcodeproj/project.pbxproj
20:23:10 grading: file
20:23:10 PASS file
20:23:10 grading: build
20:23:10 $ /usr/bin/xcodebuild -project PackageIntegrationFixture.xcodeproj -scheme PackageIntegrationFixture -destination platform=iOS Simulator,id=A…
20:23:17 ok · /usr/bin/xcodebuild -project PackageIntegrationFixture.xcodeproj -scheme PackageIntegrationFixture -destinati…
20:23:17 PASS build
20:23:18 !! reaped a stray simulator
  PASS · 1m 41s
→ project-006 · opencode
20:23:19 agent started
20:23:19 $ opencode run --format json --pure --auto --model minimax/MiniMax-M3 The app does not build and the unit tests do not run. The
project.yml i…
20:25:49 ok · opencode run --format json --pure --auto --model minimax/MiniMax-M3 The app does not build and the unit tests…
20:25:49 agent finished · completed
20:25:49 edited MultiTargetFixture.xcodeproj/project.pbxproj
20:25:49 edited MultiTargetFixture.xcodeproj/xcshareddata/xcschemes/MultiTargetFixture.xcscheme
20:25:49 edited MultiTargetFixture.xcodeproj/xcshareddata/xcschemes/MultiTargetFixtureCore.xcscheme
20:25:49 edited project.yml
20:26:16 grading: build
20:26:16 $ /usr/bin/xcodebuild -project MultiTargetFixture.xcodeproj -scheme MultiTargetFixture -destination platform=iOS Simulator,id=5B9A7136-262A-4…
20:26:56 ok · /usr/bin/xcodebuild -project MultiTargetFixture.xcodeproj -scheme MultiTargetFixture -destination platform=iO…
20:26:56 PASS build
20:26:56 grading: xctest
20:26:56 $ /usr/bin/xcodebuild -project MultiTargetFixture.xcodeproj -scheme MultiTargetFixture -destination platform=iOS Simulator,id=5B9A7136-262A-4…
20:27:06 ok · /usr/bin/xcodebuild -project MultiTargetFixture.xcodeproj -scheme MultiTargetFixture -destination platform=iO…
20:27:06 $ /usr/bin/xcrun xcresulttool get test-results summary --path /Users/afterxleep/Developer/applebench-harness/.applebench/runs/2026-09-03T1823…
20:27:06 ok · /usr/bin/xcrun xcresulttool get test-results summary --path /Users/afterxleep/Developer/applebench-harness/.a…
20:27:06 PASS xctest
20:27:06 grading: mutation
20:27:06 $ /usr/bin/xcodebuild -project MultiTargetFixture.xcodeproj -scheme MultiTargetFixture -destination platform=iOS Simulator,id=5B9A7136-262A-4…
20:27:34 exit 65 · /usr/bin/xcodebuild -project MultiTargetFixture.xcodeproj -scheme MultiTargetFixture -destination platform=iO…
20:27:34 PASS mutation
20:27:35 !! reaped a stray simulator
  PASS · 4m 16s
→ ui-auto-001 · opencode
20:27:37 agent started
20:27:37 $ opencode run --format json --pure --auto --model minimax/MiniMax-M3 Add a UI test target called `CounterFixtureUITests` and write
a test th…
20:34:20 ok · opencode run --format json --pure --auto --model minimax/MiniMax-M3 Add a UI test target called `CounterFixtu…
20:34:21 agent finished · completed
20:34:21 edited CounterFixture.xcodeproj/project.pbxproj
20:34:21 edited CounterFixture.xcodeproj/xcshareddata/xcschemes/CounterFixture.xcscheme
20:34:21 edited Sources/CounterFixtureApp.swift
20:34:21 edited UITests/CounterFixtureUITests.swift
20:34:45 grading: build
20:34:45 $ /usr/bin/xcodebuild -project CounterFixture.xcodeproj -scheme CounterFixture -destination platform=iOS Simulator,id=6E0603BD-CDA7-4A58-8574…
20:34:56 ok · /usr/bin/xcodebuild -project CounterFixture.xcodeproj -scheme CounterFixture -destination platform=iOS Simula…
20:34:56 PASS build
20:34:56 grading: xcuitest
20:34:56 $ /usr/bin/xcodebuild -project CounterFixture.xcodeproj -scheme CounterFixture -destination platform=iOS Simulator,id=6E0603BD-CDA7-4A58-8574…
20:35:17 ok · /usr/bin/xcodebuild -project CounterFixture.xcodeproj -scheme CounterFixture -destination platform=iOS Simula…
20:35:17 $ /usr/bin/xcrun xcresulttool get test-results summary --path /Users/afterxleep/Developer/applebench-harness/.applebench/runs/2026-09-03T1827…
20:35:17 ok · /usr/bin/xcrun xcresulttool get test-results summary --path /Users/afterxleep/Developer/applebench-harness/.a…
20:35:17 PASS xcuitest
20:35:17 grading: mutation
20:35:17 $ /usr/bin/xcodebuild -project CounterFixture.xcodeproj -scheme CounterFixture -destination platform=iOS Simulator,id=6E0603BD-CDA7-4A58-8574…
20:35:45 exit 65 · /usr/bin/xcodebuild -project CounterFixture.xcodeproj -scheme CounterFixture -destination platform=iOS Simula…
20:35:45 PASS mutation
20:35:46 !! reaped a stray simulator
  PASS · 8m 9s
→ ui-auto-002 · opencode
20:35:47 agent started
20:35:47 $ opencode run --format json --pure --auto --model minimax/MiniMax-M3 Add a UI test target `FormFlowFixtureUITests` and write a test that:
  …
20:38:41 ok · opencode run --format json --pure --auto --model minimax/MiniMax-M3 Add a UI test target `FormFlowFixtureUITe…
20:38:41 agent finished · completed
20:38:41 edited FormFlowFixture.xcodeproj/project.pbxproj
20:38:41 edited Sources/EnrolmentDraft.swift
20:38:41 edited Sources/EnrolmentFlowView.swift
20:38:41 edited UITests/EnrolmentFlowTests.swift
20:38:41 edited UITests/FormFlowFixtureUITests.swift
20:39:06 grading: build
20:39:06 $ /usr/bin/xcodebuild -project FormFlowFixture.xcodeproj -scheme FormFlowFixture -destination platform=iOS Simulator,id=739B0FB7-0DA5-4049-BD…
20:39:17 ok · /usr/bin/xcodebuild -project FormFlowFixture.xcodeproj -scheme FormFlowFixture -destination platform=iOS Simu…
20:39:17 PASS build
20:39:17 grading: xcuitest
20:39:17 $ /usr/bin/xcodebuild -project FormFlowFixture.xcodeproj -scheme FormFlowFixture -destination platform=iOS Simulator,id=739B0FB7-0DA5-4049-BD…
20:39:54 ok · /usr/bin/xcodebuild -project FormFlowFixture.xcodeproj -scheme FormFlowFixture -destination platform=iOS Simu…
20:39:54 $ /usr/bin/xcrun xcresulttool get test-results summary --path /Users/afterxleep/Developer/applebench-harness/.applebench/runs/2026-09-03T1835…
20:39:54 ok · /usr/bin/xcrun xcresulttool get test-results summary --path /Users/afterxleep/Developer/applebench-harness/.a…
20:39:54 PASS xcuitest
20:39:54 grading: mutation
20:39:54 $ /usr/bin/xcodebuild -project FormFlowFixture.xcodeproj -scheme FormFlowFixture -destination platform=iOS Simulator,id=739B0FB7-0DA5-4049-BD…
20:40:53 exit 65 · /usr/bin/xcodebuild -project FormFlowFixture.xcodeproj -scheme FormFlowFixture -destination platform=iOS Simu…
20:40:53 PASS mutation
20:40:54 !! reaped a stray simulator
  PASS · 5m 6s
→ ui-auto-003 · opencode
20:40:55 agent started
20:40:55 $ opencode run --format json --pure --auto --model minimax/MiniMax-M3 Add a UI test target `CartFixtureUITests` and write a test that
walks t…
20:44:00 ok · opencode run --format json --pure --auto --model minimax/MiniMax-M3 Add a UI test target `CartFixtureUITests`…
20:44:00 agent finished · completed
20:44:00 edited UITests/CartFlowTests.swift
20:44:23 grading: build
20:44:23 $ /usr/bin/xcodebuild -project CartFixture.xcodeproj -scheme CartFixture -destination platform=iOS Simulator,id=8DC527A4-1AF0-43D0-8F6A-FE6B8…
20:44:35 ok · /usr/bin/xcodebuild -project CartFixture.xcodeproj -scheme CartFixture -destination platform=iOS Simulator,id…
20:44:35 PASS build
20:44:35 grading: xcuitest
20:44:35 $ /usr/bin/xcodebuild -project CartFixture.xcodeproj -scheme CartFixture -destination platform=iOS Simulator,id=8DC527A4-1AF0-43D0-8F6A-FE6B8…
20:45:13 exit 65 · /usr/bin/xcodebuild -project CartFixture.xcodeproj -scheme CartFixture -destination platform=iOS Simulator,id…
20:45:13 $ /usr/bin/xcrun xcresulttool get test-results summary --path /Users/afterxleep/Developer/applebench-harness/.applebench/runs/2026-09-03T1840…
20:45:13 ok · /usr/bin/xcrun xcresulttool get test-results summary --path /Users/afterxleep/Developer/applebench-harness/.a…
20:45:13 FAIL xcuitest
20:45:13 grading: mutation
20:45:13 $ /usr/bin/xcodebuild -project CartFixture.xcodeproj -scheme CartFixture -destination platform=iOS Simulator,id=8DC527A4-1AF0-43D0-8F6A-FE6B8…
20:46:01 exit 65 · /usr/bin/xcodebuild -project CartFixture.xcodeproj -scheme CartFixture -destination platform=iOS Simulator,id…
20:46:01 PASS mutation
20:46:02 !! reaped a stray simulator
  FAIL · 5m 6s
→ ui-auto-004 · opencode
20:46:03 agent started
20:46:03 $ opencode run --format json --pure --auto --model minimax/MiniMax-M3 Add a UI test target `SearchFixtureUITests` and write a test that
uses …
20:50:40 ok · opencode run --format json --pure --auto --model minimax/MiniMax-M3 Add a UI test target `SearchFixtureUITest…
20:50:40 agent finished · completed
20:50:40 edited SearchFixture.xcodeproj/project.pbxproj
20:50:40 edited Sources/PartsSearchView.swift
20:50:40 edited UITests/PartsSearchTests.swift
20:50:40 edited UITests/SwipeDeleteTests.swift
20:51:04 grading: build
20:51:04 $ /usr/bin/xcodebuild -project SearchFixture.xcodeproj -scheme SearchFixture -destination platform=iOS Simulator,id=1106DB19-4430-47A3-AB33-A…
20:51:15 ok · /usr/bin/xcodebuild -project SearchFixture.xcodeproj -scheme SearchFixture -destination platform=iOS Simulato…
20:51:15 PASS build
20:51:15 grading: xcuitest
20:51:15 $ /usr/bin/xcodebuild -project SearchFixture.xcodeproj -scheme SearchFixture -destination platform=iOS Simulator,id=1106DB19-4430-47A3-AB33-A…
20:51:41 ok · /usr/bin/xcodebuild -project SearchFixture.xcodeproj -scheme SearchFixture -destination platform=iOS Simulato…
20:51:41 $ /usr/bin/xcrun xcresulttool get test-results summary --path /Users/afterxleep/Developer/applebench-harness/.applebench/runs/2026-09-03T1846…
20:51:41 ok · /usr/bin/xcrun xcresulttool get test-results summary --path /Users/afterxleep/Developer/applebench-harness/.a…
20:51:41 PASS xcuitest
20:51:41 grading: mutation
20:51:44 !! reaped a stray simulator
  ERROR · Grader 'mutation' failed to execute: Sources/PartsSearchView.swift no longer contains the text this task mutates (".accessibilityIdentifier("result-\(index)")"), so the test could not be challenged. The task's mutation needs updating to match the fixture.
→ ui-auto-005 · opencode
20:51:45 agent started
20:51:45 $ opencode run --format json --pure --auto --model minimax/MiniMax-M3 Add a UI test target `TruncationFixtureUITests` and write a test
that u…
20:55:26 ok · opencode run --format json --pure --auto --model minimax/MiniMax-M3 Add a UI test target `TruncationFixtureUI…
20:55:26 agent finished · completed
20:55:26 edited Sources/ConsentView.swift
20:55:26 edited TruncationFixture.xcodeproj/project.pbxproj
20:55:26 edited UITests/ScrollListTests.swift
20:55:48 grading: build
20:55:48 $ /usr/bin/xcodebuild -project TruncationFixture.xcodeproj -scheme TruncationFixture -destination platform=iOS Simulator,id=D23BECBA-3EE3-4E2…
20:56:00 ok · /usr/bin/xcodebuild -project TruncationFixture.xcodeproj -scheme TruncationFixture -destination platform=iOS …
20:56:00 PASS build
20:56:00 grading: xcuitest
20:56:00 $ /usr/bin/xcodebuild -project TruncationFixture.xcodeproj -scheme TruncationFixture -destination platform=iOS Simulator,id=D23BECBA-3EE3-4E2…
20:56:34 ok · /usr/bin/xcodebuild -project TruncationFixture.xcodeproj -scheme TruncationFixture -destination platform=iOS …
20:56:34 $ /usr/bin/xcrun xcresulttool get test-results summary --path /Users/afterxleep/Developer/applebench-harness/.applebench/runs/2026-09-03T1851…
20:56:34 ok · /usr/bin/xcrun xcresulttool get test-results summary --path /Users/afterxleep/Developer/applebench-harness/.a…
20:56:34 PASS xcuitest
20:56:34 grading: mutation
20:56:34 $ /usr/bin/xcodebuild -project TruncationFixture.xcodeproj -scheme TruncationFixture -destination platform=iOS Simulator,id=D23BECBA-3EE3-4E2…
20:57:00 ok · /usr/bin/xcodebuild -project TruncationFixture.xcodeproj -scheme TruncationFixture -destination platform=iOS …
20:57:00 FAIL mutation
20:57:01 !! reaped a stray simulator
  FAIL · 5m 16s
→ ui-auto-006 · opencode
20:57:02 agent started
20:57:02 $ opencode run --format json --pure --auto --model minimax/MiniMax-M3 Add a UI test target `RefreshFixtureUITests` and write a test
that:
  1…
21:05:48 ok · opencode run --format json --pure --auto --model minimax/MiniMax-M3 Add a UI test target `RefreshFixtureUITes…
21:05:48 agent finished · completed
21:05:49 edited RefreshFixture.xcodeproj/project.pbxproj
21:05:49 edited Sources/ReportModel.swift
21:05:49 edited Sources/ReportView.swift
21:05:49 edited UITests/RowContextMenuTests.swift
21:06:14 grading: build
21:06:14 $ /usr/bin/xcodebuild -project RefreshFixture.xcodeproj -scheme RefreshFixture -destination platform=iOS Simulator,id=EA748EDE-5F6F-4FDE-8F8A…
21:06:25 ok · /usr/bin/xcodebuild -project RefreshFixture.xcodeproj -scheme RefreshFixture -destination platform=iOS Simula…
21:06:25 PASS build
21:06:25 grading: xcuitest
21:06:25 $ /usr/bin/xcodebuild -project RefreshFixture.xcodeproj -scheme RefreshFixture -destination platform=iOS Simulator,id=EA748EDE-5F6F-4FDE-8F8A…
21:06:52 ok · /usr/bin/xcodebuild -project RefreshFixture.xcodeproj -scheme RefreshFixture -destination platform=iOS Simula…
21:06:52 $ /usr/bin/xcrun xcresulttool get test-results summary --path /Users/afterxleep/Developer/applebench-harness/.applebench/runs/2026-09-03T1857…
21:06:52 ok · /usr/bin/xcrun xcresulttool get test-results summary --path /Users/afterxleep/Developer/applebench-harness/.a…
21:06:52 PASS xcuitest
21:06:52 grading: mutation
21:06:52 $ /usr/bin/xcodebuild -project RefreshFixture.xcodeproj -scheme RefreshFixture -destination platform=iOS Simulator,id=EA748EDE-5F6F-4FDE-8F8A…
21:07:32 exit 65 · /usr/bin/xcodebuild -project RefreshFixture.xcodeproj -scheme RefreshFixture -destination platform=iOS Simula…
21:07:32 PASS mutation
21:07:35 !! reaped a stray simulator
  PASS · 10m 30s
→ ui-auto-007 · opencode
21:07:36 agent started
21:07:36 $ opencode run --format json --pure --auto --model minimax/MiniMax-M3 Add a UI test target `NavigationFixtureUITests` and write a test
that u…
21:16:54 ok · opencode run --format json --pure --auto --model minimax/MiniMax-M3 Add a UI test target `NavigationFixtureUI…
21:16:55 agent finished · completed
21:16:55 edited NavigationFixture.xcodeproj/project.pbxproj
21:16:55 edited Sources/Info.plist
21:16:55 edited Sources/NavigationFixtureApp.swift
21:16:55 edited Sources/SettingsView.swift
21:16:55 edited UITests/DeepLinkSettingsTests.swift
21:17:22 grading: build
21:17:22 $ /usr/bin/xcodebuild -project NavigationFixture.xcodeproj -scheme NavigationFixture -destination platform=iOS Simulator,id=17A42730-E2F3-49F…
21:17:33 ok · /usr/bin/xcodebuild -project NavigationFixture.xcodeproj -scheme NavigationFixture -destination platform=iOS …
21:17:33 PASS build
21:17:33 grading: xcuitest
21:17:33 $ /usr/bin/xcodebuild -project NavigationFixture.xcodeproj -scheme NavigationFixture -destination platform=iOS Simulator,id=17A42730-E2F3-49F…
21:17:56 ok · /usr/bin/xcodebuild -project NavigationFixture.xcodeproj -scheme NavigationFixture -destination platform=iOS …
21:17:56 $ /usr/bin/xcrun xcresulttool get test-results summary --path /Users/afterxleep/Developer/applebench-harness/.applebench/runs/2026-09-03T1907…
21:17:56 ok · /usr/bin/xcrun xcresulttool get test-results summary --path /Users/afterxleep/Developer/applebench-harness/.a…
21:17:56 PASS xcuitest
21:17:56 grading: mutation
21:17:56 $ /usr/bin/xcodebuild -project NavigationFixture.xcodeproj -scheme NavigationFixture -destination platform=iOS Simulator,id=17A42730-E2F3-49F…
21:18:44 exit 65 · /usr/bin/xcodebuild -project NavigationFixture.xcodeproj -scheme NavigationFixture -destination platform=iOS …
21:18:44 PASS mutation
21:18:45 !! reaped a stray simulator
  PASS · 11m 8s
→ ui-auto-008 · opencode
21:18:46 agent started
21:18:46 $ opencode run --format json --pure --auto --model minimax/MiniMax-M3 Add a UI test target `AdaptiveLayoutFixtureUITests` and
write a test th…
21:21:38 ok · opencode run --format json --pure --auto --model minimax/MiniMax-M3 Add a UI test target `AdaptiveLayoutFixtu…
21:21:38 agent finished · completed
21:21:38 edited AdaptiveLayoutFixture.xcodeproj/project.pbxproj
21:21:38 edited Sources/JobDetailView.swift
21:21:38 edited UITests/AdaptiveLayoutFixtureUITests.swift
21:22:03 grading: build
21:22:03 $ /usr/bin/xcodebuild -project AdaptiveLayoutFixture.xcodeproj -scheme AdaptiveLayoutFixture -destination platform=iOS Simulator,id=C58AD348-…
21:22:15 ok · /usr/bin/xcodebuild -project AdaptiveLayoutFixture.xcodeproj -scheme AdaptiveLayoutFixture -destination platf…
21:22:15 PASS build
21:22:15 grading: xcuitest
21:22:15 $ /usr/bin/xcodebuild -project AdaptiveLayoutFixture.xcodeproj -scheme AdaptiveLayoutFixture -destination platform=iOS Simulator,id=C58AD348-…
21:22:47 exit 65 · /usr/bin/xcodebuild -project AdaptiveLayoutFixture.xcodeproj -scheme AdaptiveLayoutFixture -destination platf…
21:22:47 $ /usr/bin/xcrun xcresulttool get test-results summary --path /Users/afterxleep/Developer/applebench-harness/.applebench/runs/2026-09-03T1918…
21:22:47 ok · /usr/bin/xcrun xcresulttool get test-results summary --path /Users/afterxleep/Developer/applebench-harness/.a…
21:22:47 FAIL xcuitest
21:22:47 grading: mutation
21:22:47 $ /usr/bin/xcodebuild -project AdaptiveLayoutFixture.xcodeproj -scheme AdaptiveLayoutFixture -destination platform=iOS Simulator,id=C58AD348-…
21:23:28 exit 65 · /usr/bin/xcodebuild -project AdaptiveLayoutFixture.xcodeproj -scheme AdaptiveLayoutFixture -destination platf…
21:23:28 PASS mutation
21:23:30 !! reaped a stray simulator
  FAIL · 4m 42s
→ ui-auto-009 · opencode
21:23:31 agent started
21:23:31 $ opencode run --format json --pure --auto --model minimax/MiniMax-M3 Add a UI test target `GestureFixtureUITests` and write a test
that:
  1…
21:28:26 ok · opencode run --format json --pure --auto --model minimax/MiniMax-M3 Add a UI test target `GestureFixtureUITes…
21:28:26 agent finished · completed
21:28:26 edited GestureFixture.xcodeproj/project.pbxproj
21:28:26 edited GestureFixture.xcodeproj/xcshareddata/xcschemes/GestureFixture.xcscheme
21:28:26 edited UITests/GestureFixtureUITests.swift
21:28:49 grading: build
21:28:49 $ /usr/bin/xcodebuild -project GestureFixture.xcodeproj -scheme GestureFixture -destination platform=iOS Simulator,id=6482142A-C21F-4B31-B12C…
21:29:00 ok · /usr/bin/xcodebuild -project GestureFixture.xcodeproj -scheme GestureFixture -destination platform=iOS Simula…
21:29:00 PASS build
21:29:00 grading: xcuitest
21:29:00 $ /usr/bin/xcodebuild -project GestureFixture.xcodeproj -scheme GestureFixture -destination platform=iOS Simulator,id=6482142A-C21F-4B31-B12C…
21:29:22 ok · /usr/bin/xcodebuild -project GestureFixture.xcodeproj -scheme GestureFixture -destination platform=iOS Simula…
21:29:22 $ /usr/bin/xcrun xcresulttool get test-results summary --path /Users/afterxleep/Developer/applebench-harness/.applebench/runs/2026-09-03T1923…
21:29:22 ok · /usr/bin/xcrun xcresulttool get test-results summary --path /Users/afterxleep/Developer/applebench-harness/.a…
21:29:22 PASS xcuitest
21:29:22 grading: mutation
21:29:22 $ /usr/bin/xcodebuild -project GestureFixture.xcodeproj -scheme GestureFixture -destination platform=iOS Simulator,id=6482142A-C21F-4B31-B12C…
21:29:38 ok · /usr/bin/xcodebuild -project GestureFixture.xcodeproj -scheme GestureFixture -destination platform=iOS Simula…
21:29:38 FAIL mutation
21:29:40 !! reaped a stray simulator
  FAIL · 6m 7s
→ ui-auto-010 · opencode
21:29:41 agent started
21:29:41 $ opencode run --format json --pure --auto --model minimax/MiniMax-M3 Add a UI test target `SearchFixtureUITests` and write a test
that trigg…
21:50:20 ok · opencode run --format json --pure --auto --model minimax/MiniMax-M3 Add a UI test target `SearchFixtureUITest…
21:50:20 agent finished · timeout
21:50:20 edited SearchFixture.xcodeproj/project.pbxproj
21:50:20 edited Sources/PartsSearchView.swift
21:50:20 edited UITests/PartsSearchTests.swift
21:50:20 edited UITests/PermissionAlertTests.swift
21:50:43 grading: build
21:50:43 $ /usr/bin/xcodebuild -project SearchFixture.xcodeproj -scheme SearchFixture -destination platform=iOS Simulator,id=F78CF4A6-7C22-4EBB-A826-A…
21:50:55 ok · /usr/bin/xcodebuild -project SearchFixture.xcodeproj -scheme SearchFixture -destination platform=iOS Simulato…
21:50:55 PASS build
21:50:55 grading: xcuitest
21:50:55 $ /usr/bin/xcodebuild -project SearchFixture.xcodeproj -scheme SearchFixture -destination platform=iOS Simulator,id=F78CF4A6-7C22-4EBB-A826-A…
21:51:21 ok · /usr/bin/xcodebuild -project SearchFixture.xcodeproj -scheme SearchFixture -destination platform=iOS Simulato…
21:51:21 $ /usr/bin/xcrun xcresulttool get test-results summary --path /Users/afterxleep/Developer/applebench-harness/.applebench/runs/2026-09-03T1929…
21:51:21 ok · /usr/bin/xcrun xcresulttool get test-results summary --path /Users/afterxleep/Developer/applebench-harness/.a…
21:51:21 PASS xcuitest
21:51:21 grading: mutation
21:51:21 $ /usr/bin/xcodebuild -project SearchFixture.xcodeproj -scheme SearchFixture -destination platform=iOS Simulator,id=F78CF4A6-7C22-4EBB-A826-A…
21:52:03 exit 65 · /usr/bin/xcodebuild -project SearchFixture.xcodeproj -scheme SearchFixture -destination platform=iOS Simulato…
21:52:03 PASS mutation
21:52:04 !! reaped a stray simulator
  PASS · 22m 23s
→ ui-auto-011 · opencode
21:52:05 agent started
21:52:05 $ opencode run --format json --pure --auto --model minimax/MiniMax-M3 Add a UI test target `RefreshFixtureUITests` and write a test
that doub…
21:58:16 ok · opencode run --format json --pure --auto --model minimax/MiniMax-M3 Add a UI test target `RefreshFixtureUITes…
21:58:16 agent finished · completed
21:58:16 edited RefreshFixture.xcodeproj/project.pbxproj
21:58:16 edited Sources/ReportDetailView.swift
21:58:16 edited Sources/ReportView.swift
21:58:16 edited UITests/DoubleTapDetailTests.swift
21:58:40 grading: build
21:58:40 $ /usr/bin/xcodebuild -project RefreshFixture.xcodeproj -scheme RefreshFixture -destination platform=iOS Simulator,id=3BA6F7FD-2E8B-4DF1-8483…
21:58:51 ok · /usr/bin/xcodebuild -project RefreshFixture.xcodeproj -scheme RefreshFixture -destination platform=iOS Simula…
21:58:51 PASS build
21:58:51 grading: xcuitest
21:58:51 $ /usr/bin/xcodebuild -project RefreshFixture.xcodeproj -scheme RefreshFixture -destination platform=iOS Simulator,id=3BA6F7FD-2E8B-4DF1-8483…
21:59:11 ok · /usr/bin/xcodebuild -project RefreshFixture.xcodeproj -scheme RefreshFixture -destination platform=iOS Simula…
21:59:11 $ /usr/bin/xcrun xcresulttool get test-results summary --path /Users/afterxleep/Developer/applebench-harness/.applebench/runs/2026-09-03T1952…
21:59:11 ok · /usr/bin/xcrun xcresulttool get test-results summary --path /Users/afterxleep/Developer/applebench-harness/.a…
21:59:11 PASS xcuitest
21:59:11 grading: mutation
21:59:11 $ /usr/bin/xcodebuild -project RefreshFixture.xcodeproj -scheme RefreshFixture -destination platform=iOS Simulator,id=3BA6F7FD-2E8B-4DF1-8483…
21:59:53 exit 65 · /usr/bin/xcodebuild -project RefreshFixture.xcodeproj -scheme RefreshFixture -destination platform=iOS Simula…
21:59:53 PASS mutation
21:59:54 !! reaped a stray simulator
  PASS · 7m 48s
→ ui-auto-012 · opencode
21:59:55 agent started
21:59:55 $ opencode run --format json --pure --auto --model minimax/MiniMax-M3 Add a UI test target `SearchFixtureUITests` and write a test
that:
  1.…
22:03:14 ok · opencode run --format json --pure --auto --model minimax/MiniMax-M3 Add a UI test target `SearchFixtureUITest…
22:03:14 agent finished · completed
22:03:15 edited SearchFixture.xcodeproj/project.pbxproj
22:03:15 edited Sources/PartsSearchView.swift
22:03:15 edited UITests/SearchFixtureUITests.swift
22:03:38 grading: build
22:03:38 $ /usr/bin/xcodebuild -project SearchFixture.xcodeproj -scheme SearchFixture -destination platform=iOS Simulator,id=286E311F-A98B-4BE3-A9B0-D…
22:03:49 ok · /usr/bin/xcodebuild -project SearchFixture.xcodeproj -scheme SearchFixture -destination platform=iOS Simulato…
22:03:49 PASS build
22:03:49 grading: xcuitest
22:03:49 $ /usr/bin/xcodebuild -project SearchFixture.xcodeproj -scheme SearchFixture -destination platform=iOS Simulator,id=286E311F-A98B-4BE3-A9B0-D…
22:04:08 ok · /usr/bin/xcodebuild -project SearchFixture.xcodeproj -scheme SearchFixture -destination platform=iOS Simulato…
22:04:08 $ /usr/bin/xcrun xcresulttool get test-results summary --path /Users/afterxleep/Developer/applebench-harness/.applebench/runs/2026-09-03T1959…
22:04:08 ok · /usr/bin/xcrun xcresulttool get test-results summary --path /Users/afterxleep/Developer/applebench-harness/.a…
22:04:08 PASS xcuitest
22:04:08 grading: mutation
22:04:08 $ /usr/bin/xcodebuild -project SearchFixture.xcodeproj -scheme SearchFixture -destination platform=iOS Simulator,id=286E311F-A98B-4BE3-A9B0-D…
22:04:19 ok · /usr/bin/xcodebuild -project SearchFixture.xcodeproj -scheme SearchFixture -destination platform=iOS Simulato…
22:04:19 FAIL mutation
22:04:22 !! reaped a stray simulator
  FAIL · 4m 24s
→ ui-auto-014 · opencode
22:04:23 agent started
22:04:23 $ opencode run --format json --pure --auto --model minimax/MiniMax-M3 Add a UI test target `FormFlowFixtureUITests` and write a test
that:
  …
22:08:09 ok · opencode run --format json --pure --auto --model minimax/MiniMax-M3 Add a UI test target `FormFlowFixtureUITe…
22:08:10 agent finished · completed
22:08:10 edited FormFlowFixture.xcodeproj/project.pbxproj
22:08:10 edited UITests/KeyboardDismissalTests.swift
22:08:32 grading: build
22:08:32 $ /usr/bin/xcodebuild -project FormFlowFixture.xcodeproj -scheme FormFlowFixture -destination platform=iOS Simulator,id=A362932D-FC02-4C15-81…
22:08:44 ok · /usr/bin/xcodebuild -project FormFlowFixture.xcodeproj -scheme FormFlowFixture -destination platform=iOS Simu…
22:08:44 PASS build
22:08:44 grading: xcuitest
22:08:44 $ /usr/bin/xcodebuild -project FormFlowFixture.xcodeproj -scheme FormFlowFixture -destination platform=iOS Simulator,id=A362932D-FC02-4C15-81…
22:09:06 ok · /usr/bin/xcodebuild -project FormFlowFixture.xcodeproj -scheme FormFlowFixture -destination platform=iOS Simu…
22:09:06 $ /usr/bin/xcrun xcresulttool get test-results summary --path /Users/afterxleep/Developer/applebench-harness/.applebench/runs/2026-09-03T2004…
22:09:06 ok · /usr/bin/xcrun xcresulttool get test-results summary --path /Users/afterxleep/Developer/applebench-harness/.a…
22:09:06 PASS xcuitest
22:09:06 grading: mutation
22:09:06 $ /usr/bin/xcodebuild -project FormFlowFixture.xcodeproj -scheme FormFlowFixture -destination platform=iOS Simulator,id=A362932D-FC02-4C15-81…
22:09:48 exit 65 · /usr/bin/xcodebuild -project FormFlowFixture.xcodeproj -scheme FormFlowFixture -destination platform=iOS Simu…
22:09:48 PASS mutation
22:09:49 !! reaped a stray simulator
  PASS · 5m 25s
→ ui-auto-015 · opencode
22:09:50 agent started
22:09:50 $ opencode run --format json --pure --auto --model minimax/MiniMax-M3 Add a UI test target `FormFlowFixtureUITests` and write a test
that:
  …
22:11:07 ok · opencode run --format json --pure --auto --model minimax/MiniMax-M3 Add a UI test target `FormFlowFixtureUITe…
22:11:08 agent finished · completed
22:11:08 edited FormFlowFixture.xcodeproj/project.pbxproj
22:11:08 edited UITests/FormFlowFixtureUITests.swift
22:11:31 grading: build
22:11:31 $ /usr/bin/xcodebuild -project FormFlowFixture.xcodeproj -scheme FormFlowFixture -destination platform=iOS Simulator,id=46E3E2BC-97F8-4B19-AA…
22:11:41 ok · /usr/bin/xcodebuild -project FormFlowFixture.xcodeproj -scheme FormFlowFixture -destination platform=iOS Simu…
22:11:41 PASS build
22:11:41 grading: xcuitest
22:11:41 $ /usr/bin/xcodebuild -project FormFlowFixture.xcodeproj -scheme FormFlowFixture -destination platform=iOS Simulator,id=46E3E2BC-97F8-4B19-AA…
22:12:03 ok · /usr/bin/xcodebuild -project FormFlowFixture.xcodeproj -scheme FormFlowFixture -destination platform=iOS Simu…
22:12:03 $ /usr/bin/xcrun xcresulttool get test-results summary --path /Users/afterxleep/Developer/applebench-harness/.applebench/runs/2026-09-03T2009…
22:12:03 ok · /usr/bin/xcrun xcresulttool get test-results summary --path /Users/afterxleep/Developer/applebench-harness/.a…
22:12:03 PASS xcuitest
22:12:03 grading: mutation
22:12:03 $ /usr/bin/xcodebuild -project FormFlowFixture.xcodeproj -scheme FormFlowFixture -destination platform=iOS Simulator,id=46E3E2BC-97F8-4B19-AA…
22:12:46 exit 65 · /usr/bin/xcodebuild -project FormFlowFixture.xcodeproj -scheme FormFlowFixture -destination platform=iOS Simu…
22:12:46 PASS mutation
22:12:47 !! reaped a stray simulator
  PASS · 2m 56s
→ ui-auto-016 · opencode
22:12:48 agent started
22:12:48 $ opencode run --format json --pure --auto --model minimax/MiniMax-M3 Add a UI test target `FormFlowFixtureUITests` and write a test
that:
  …
22:33:51 exit ? · opencode run --format json --pure --auto --model minimax/MiniMax-M3 Add a UI test target `FormFlowFixtureUITe…
22:33:51 agent finished · timeout
22:33:51 edited FormFlowFixture.xcodeproj/project.pbxproj
22:33:51 edited Sources/EnrolmentDraft.swift
22:33:51 edited Sources/EnrolmentFlowView.swift
22:33:51 edited UITests/ReturnKeySubmissionTests.swift
22:34:16 grading: build
22:34:16 $ /usr/bin/xcodebuild -project FormFlowFixture.xcodeproj -scheme FormFlowFixture -destination platform=iOS Simulator,id=F2568162-F7BD-4C88-A8…
22:34:26 ok · /usr/bin/xcodebuild -project FormFlowFixture.xcodeproj -scheme FormFlowFixture -destination platform=iOS Simu…
22:34:26 PASS build
22:34:26 grading: xcuitest
22:34:26 $ /usr/bin/xcodebuild -project FormFlowFixture.xcodeproj -scheme FormFlowFixture -destination platform=iOS Simulator,id=F2568162-F7BD-4C88-A8…
22:34:48 ok · /usr/bin/xcodebuild -project FormFlowFixture.xcodeproj -scheme FormFlowFixture -destination platform=iOS Simu…
22:34:48 $ /usr/bin/xcrun xcresulttool get test-results summary --path /Users/afterxleep/Developer/applebench-harness/.applebench/runs/2026-09-03T2012…
22:34:48 ok · /usr/bin/xcrun xcresulttool get test-results summary --path /Users/afterxleep/Developer/applebench-harness/.a…
22:34:48 PASS xcuitest
22:34:48 grading: mutation
22:34:48 $ /usr/bin/xcodebuild -project FormFlowFixture.xcodeproj -scheme FormFlowFixture -destination platform=iOS Simulator,id=F2568162-F7BD-4C88-A8…
22:35:32 exit 65 · /usr/bin/xcodebuild -project FormFlowFixture.xcodeproj -scheme FormFlowFixture -destination platform=iOS Simu…
22:35:32 PASS mutation
22:35:35 !! reaped a stray simulator
  PASS · 22m 44s
→ ui-auto-017 · opencode
22:35:36 agent started
22:35:36 $ opencode run --format json --pure --auto --model minimax/MiniMax-M3 Add a UI test target `SafeAreaFixtureUITests` and write a test
that:
  …
22:41:43 ok · opencode run --format json --pure --auto --model minimax/MiniMax-M3 Add a UI test target `SafeAreaFixtureUITe…
22:41:44 agent finished · completed
22:41:44 edited SafeAreaFixture.xcodeproj/project.pbxproj
22:41:44 edited SafeAreaFixture.xcodeproj/xcshareddata/xcschemes/SafeAreaFixture.xcscheme
22:41:44 edited UITests/SafeAreaFixtureUITests.swift
22:41:44 edited snapshot.png
22:41:44 edited snapshot.txt
22:42:08 grading: trajectory
22:42:08 PASS trajectory
22:42:08 grading: build
22:42:08 $ /usr/bin/xcodebuild -project SafeAreaFixture.xcodeproj -scheme SafeAreaFixture -destination platform=iOS Simulator,id=DCC1B5FF-239E-42D2-B5…
22:42:20 ok · /usr/bin/xcodebuild -project SafeAreaFixture.xcodeproj -scheme SafeAreaFixture -destination platform=iOS Simu…
22:42:20 PASS build
22:42:20 grading: xcuitest
22:42:20 $ /usr/bin/xcodebuild -project SafeAreaFixture.xcodeproj -scheme SafeAreaFixture -destination platform=iOS Simulator,id=DCC1B5FF-239E-42D2-B5…
22:42:36 ok · /usr/bin/xcodebuild -project SafeAreaFixture.xcodeproj -scheme SafeAreaFixture -destination platform=iOS Simu…
22:42:36 $ /usr/bin/xcrun xcresulttool get test-results summary --path /Users/afterxleep/Developer/applebench-harness/.applebench/runs/2026-09-03T2035…
22:42:36 ok · /usr/bin/xcrun xcresulttool get test-results summary --path /Users/afterxleep/Developer/applebench-harness/.a…
22:42:36 PASS xcuitest
22:42:36 grading: file
22:42:36 PASS file
22:42:36 grading: mutation
22:42:36 $ /usr/bin/xcodebuild -project SafeAreaFixture.xcodeproj -scheme SafeAreaFixture -destination platform=iOS Simulator,id=DCC1B5FF-239E-42D2-B5…
22:42:44 ok · /usr/bin/xcodebuild -project SafeAreaFixture.xcodeproj -scheme SafeAreaFixture -destination platform=iOS Simu…
22:42:44 FAIL mutation
22:42:48 !! reaped a stray simulator
  FAIL · 7m 8s
→ ui-auto-018 · opencode
22:42:49 agent started
22:42:49 $ opencode run --format json --pure --auto --model minimax/MiniMax-M3 Add a UI test target `FormFlowFixtureUITests` and write a single
XCUITe…
22:48:36 ok · opencode run --format json --pure --auto --model minimax/MiniMax-M3 Add a UI test target `FormFlowFixtureUITe…
22:48:37 agent finished · completed
22:48:37 edited FormFlowFixture.xcodeproj/project.pbxproj
22:48:37 edited Sources/EnrolmentDraft.swift
22:48:37 edited Sources/EnrolmentFlowView.swift
22:48:37 edited UITests/EnrolmentFlowTests.swift
22:48:37 edited UITests/FormFlowFixtureUITests.swift
22:49:00 grading: build
22:49:00 $ /usr/bin/xcodebuild -project FormFlowFixture.xcodeproj -scheme FormFlowFixture -destination platform=iOS Simulator,id=F21B3B48-7290-4434-A6…
22:49:14 ok · /usr/bin/xcodebuild -project FormFlowFixture.xcodeproj -scheme FormFlowFixture -destination platform=iOS Simu…
22:49:14 PASS build
22:49:14 grading: xcuitest
22:49:14 $ /usr/bin/xcodebuild -project FormFlowFixture.xcodeproj -scheme FormFlowFixture -destination platform=iOS Simulator,id=F21B3B48-7290-4434-A6…
22:49:43 ok · /usr/bin/xcodebuild -project FormFlowFixture.xcodeproj -scheme FormFlowFixture -destination platform=iOS Simu…
22:49:43 $ /usr/bin/xcrun xcresulttool get test-results summary --path /Users/afterxleep/Developer/applebench-harness/.applebench/runs/2026-09-03T2042…
22:49:43 ok · /usr/bin/xcrun xcresulttool get test-results summary --path /Users/afterxleep/Developer/applebench-harness/.a…
22:49:43 PASS xcuitest
22:49:43 grading: mutation
22:49:43 $ /usr/bin/xcodebuild -project FormFlowFixture.xcodeproj -scheme FormFlowFixture -destination platform=iOS Simulator,id=F21B3B48-7290-4434-A6…
22:50:24 exit 65 · /usr/bin/xcodebuild -project FormFlowFixture.xcodeproj -scheme FormFlowFixture -destination platform=iOS Simu…
22:50:24 PASS mutation
22:50:25 !! reaped a stray simulator
  PASS · 7m 36s
→ ui-auto-019 · opencode
22:50:27 agent started
22:50:27 $ opencode run --format json --pure --auto --model minimax/MiniMax-M3 Add a UI test target `DynamicTypeFixtureUITests` and write a
test that:…
22:51:08 ok · opencode run --format json --pure --auto --model minimax/MiniMax-M3 Add a UI test target `DynamicTypeFixtureU…
22:51:08 agent finished · completed
22:51:08 edited DynamicTypeFixture.xcodeproj/project.pbxproj
22:51:08 edited UITests/WelcomeLabelTests.swift
22:51:31 grading: build
22:51:31 $ /usr/bin/xcodebuild -project DynamicTypeFixture.xcodeproj -scheme DynamicTypeFixture -destination platform=iOS Simulator,id=75FAD228-AA06-4…
22:51:45 ok · /usr/bin/xcodebuild -project DynamicTypeFixture.xcodeproj -scheme DynamicTypeFixture -destination platform=iO…
22:51:45 PASS build
22:51:45 grading: xcuitest
22:51:45 $ /usr/bin/xcodebuild -project DynamicTypeFixture.xcodeproj -scheme DynamicTypeFixture -destination platform=iOS Simulator,id=75FAD228-AA06-4…
22:52:09 exit 65 · /usr/bin/xcodebuild -project DynamicTypeFixture.xcodeproj -scheme DynamicTypeFixture -destination platform=iO…
22:52:09 $ /usr/bin/xcrun xcresulttool get test-results summary --path /Users/afterxleep/Developer/applebench-harness/.applebench/runs/2026-09-03T2050…
22:52:09 ok · /usr/bin/xcrun xcresulttool get test-results summary --path /Users/afterxleep/Developer/applebench-harness/.a…
22:52:09 FAIL xcuitest
22:52:09 grading: mutation
22:52:09 $ /usr/bin/xcodebuild -project DynamicTypeFixture.xcodeproj -scheme DynamicTypeFixture -destination platform=iOS Simulator,id=75FAD228-AA06-4…
22:52:43 exit 65 · /usr/bin/xcodebuild -project DynamicTypeFixture.xcodeproj -scheme DynamicTypeFixture -destination platform=iO…
22:52:43 PASS mutation
22:52:44 !! reaped a stray simulator
  FAIL · 2m 17s

opencode · minimax/MiniMax-M3

Tasks        35
Passed       20
Failed       15
Errored      1 (infrastructure, excluded from completion)
Completion   57.1%
Median time  3m 43s
Tokens       1395866
Cost         $1.8139
Cost/solve   $0.0907
